// Jest Snapshot v1, https://goo.gl/fbAQLP

exports[`Link tests should render correctly 1`] = `
<a
  href="/test"
  onClick={[Function]}
>
  Test
</a>
`;
